// Vitest Snapshot v1

exports[`note adding > if the title and textcontent are empty, then the note won't be added 1`] = `<Notes />`;
